// Jest Snapshot v1, https://goo.gl/fbAQLP

exports[`manager/droneci/extract extractPackageFile() extracts multiple image lines 1`] = `
Array [
  Object {
    "autoReplaceStringTemplate": "{{depName}}{{#if newValue}}:{{newValue}}{{/if}}{{#if newDigest}}@{{newDigest}}{{/if}}",
    "currentDigest": undefined,
    "currentValue": "1.8.1-alpine",
    "datasource": "docker",
    "depName": "elixir",
    "depType": "docker",
    "replaceString": "elixir:1.8.1-alpine",
  },
  Object {
    "autoReplaceStringTemplate": "{{depName}}{{#if newValue}}:{{newValue}}{{/if}}{{#if newDigest}}@{{newDigest}}{{/if}}",
    "currentDigest": "sha256:36adc17e9cceab32179d3314da9cb9c737ffb11f0de4e688f407ad6d9ca32201",
    "currentValue": "10.0.0",
    "datasource": "docker",
    "depName": "amd64/node",
    "depType": "docker",
    "replaceString": "amd64/node:10.0.0@sha256:36adc17e9cceab32179d3314da9cb9c737ffb11f0de4e688f407ad6d9ca32201",
  },
  Object {
    "autoReplaceStringTemplate": "{{depName}}{{#if newValue}}:{{newValue}}{{/if}}{{#if newDigest}}@{{newDigest}}{{/if}}",
    "currentDigest": undefined,
    "currentValue": "5.7.24",
    "datasource": "docker",
    "depName": "mysql",
    "depType": "docker",
    "replaceString": "mysql:5.7.24",
  },
  Object {
    "autoReplaceStringTemplate": "{{depName}}{{#if newValue}}:{{newValue}}{{/if}}{{#if newDigest}}@{{newDigest}}{{/if}}",
    "currentDigest": undefined,
    "currentValue": "alpine",
    "datasource": "docker",
    "depName": "redis",
    "depType": "docker",
    "replaceString": "redis:alpine",
  },
]
`;
