// Jest Snapshot v1, https://goo.gl/fbAQLP

exports[`platform/azure/azure-got-wrapper gitApi should set personal access token and endpoint 1`] = `
WebApi {
  "authHandler": PersonalAccessTokenCredentialHandler {
    "token": "1234567890123456789012345678901234567890123456789012",
  },
  "isNoProxyHost": [Function],
  "options": Object {
    "ignoreSslError": false,
  },
  "rest": RestClient {
    "client": HttpClient {
      "_allowRedirectDowngrade": false,
      "_allowRedirects": true,
      "_allowRetries": false,
      "_certConfig": undefined,
      "_disposed": false,
      "_httpProxy": undefined,
      "_ignoreSslError": false,
      "_keepAlive": false,
      "_maxRedirects": 50,
      "_maxRetries": 1,
      "_socketTimeout": undefined,
      "handlers": Array [
        PersonalAccessTokenCredentialHandler {
          "token": "1234567890123456789012345678901234567890123456789012",
        },
      ],
      "requestOptions": Object {
        "ignoreSslError": false,
      },
    },
  },
  "serverUrl": "https://dev.azure.com/renovate1",
  "vsoClient": VsoClient {
    "_initializationPromise": Promise {},
    "_locationsByAreaPromises": Object {},
    "basePath": "/renovate1",
    "baseUrl": "https://dev.azure.com/renovate1",
    "restClient": RestClient {
      "client": HttpClient {
        "_allowRedirectDowngrade": false,
        "_allowRedirects": true,
        "_allowRetries": false,
        "_certConfig": undefined,
        "_disposed": false,
        "_httpProxy": undefined,
        "_ignoreSslError": false,
        "_keepAlive": false,
        "_maxRedirects": 50,
        "_maxRetries": 1,
        "_socketTimeout": undefined,
        "handlers": Array [
          PersonalAccessTokenCredentialHandler {
            "token": "1234567890123456789012345678901234567890123456789012",
          },
        ],
        "requestOptions": Object {
          "ignoreSslError": false,
        },
      },
    },
  },
}
`;

exports[`platform/azure/azure-got-wrapper gitApi should set bearer token and endpoint 1`] = `
WebApi {
  "authHandler": BearerCredentialHandler {
    "token": "token",
  },
  "isNoProxyHost": [Function],
  "options": Object {
    "ignoreSslError": false,
  },
  "rest": RestClient {
    "client": HttpClient {
      "_allowRedirectDowngrade": false,
      "_allowRedirects": true,
      "_allowRetries": false,
      "_certConfig": undefined,
      "_disposed": false,
      "_httpProxy": undefined,
      "_ignoreSslError": false,
      "_keepAlive": false,
      "_maxRedirects": 50,
      "_maxRetries": 1,
      "_socketTimeout": undefined,
      "handlers": Array [
        BearerCredentialHandler {
          "token": "token",
        },
      ],
      "requestOptions": Object {
        "ignoreSslError": false,
      },
    },
  },
  "serverUrl": "https://dev.azure.com/renovate2",
  "vsoClient": VsoClient {
    "_initializationPromise": Promise {},
    "_locationsByAreaPromises": Object {},
    "basePath": "/renovate2",
    "baseUrl": "https://dev.azure.com/renovate2",
    "restClient": RestClient {
      "client": HttpClient {
        "_allowRedirectDowngrade": false,
        "_allowRedirects": true,
        "_allowRetries": false,
        "_certConfig": undefined,
        "_disposed": false,
        "_httpProxy": undefined,
        "_ignoreSslError": false,
        "_keepAlive": false,
        "_maxRedirects": 50,
        "_maxRetries": 1,
        "_socketTimeout": undefined,
        "handlers": Array [
          BearerCredentialHandler {
            "token": "token",
          },
        ],
        "requestOptions": Object {
          "ignoreSslError": false,
        },
      },
    },
  },
}
`;

exports[`platform/azure/azure-got-wrapper gitApi should set password and endpoint 1`] = `
WebApi {
  "authHandler": BasicCredentialHandler {
    "password": "pass",
    "username": "user",
  },
  "isNoProxyHost": [Function],
  "options": Object {
    "ignoreSslError": false,
  },
  "rest": RestClient {
    "client": HttpClient {
      "_allowRedirectDowngrade": false,
      "_allowRedirects": true,
      "_allowRetries": false,
      "_certConfig": undefined,
      "_disposed": false,
      "_httpProxy": undefined,
      "_ignoreSslError": false,
      "_keepAlive": false,
      "_maxRedirects": 50,
      "_maxRetries": 1,
      "_socketTimeout": undefined,
      "handlers": Array [
        BasicCredentialHandler {
          "password": "pass",
          "username": "user",
        },
      ],
      "requestOptions": Object {
        "ignoreSslError": false,
      },
    },
  },
  "serverUrl": "https://dev.azure.com/renovate3",
  "vsoClient": VsoClient {
    "_initializationPromise": Promise {},
    "_locationsByAreaPromises": Object {},
    "basePath": "/renovate3",
    "baseUrl": "https://dev.azure.com/renovate3",
    "restClient": RestClient {
      "client": HttpClient {
        "_allowRedirectDowngrade": false,
        "_allowRedirects": true,
        "_allowRetries": false,
        "_certConfig": undefined,
        "_disposed": false,
        "_httpProxy": undefined,
        "_ignoreSslError": false,
        "_keepAlive": false,
        "_maxRedirects": 50,
        "_maxRetries": 1,
        "_socketTimeout": undefined,
        "handlers": Array [
          BasicCredentialHandler {
            "password": "pass",
            "username": "user",
          },
        ],
        "requestOptions": Object {
          "ignoreSslError": false,
        },
      },
    },
  },
}
`;
