// Jest Snapshot v1, https://goo.gl/fbAQLP

exports[`manager/npm/update/locked-dependency/index updateLockedDependency() remediates mime 1`] = `
Array [
  Object {
    "headers": Object {
      "accept": "application/json",
      "accept-encoding": "gzip, deflate, br",
      "host": "registry.npmjs.org",
      "user-agent": "https://github.com/renovatebot/renovate",
    },
    "method": "GET",
    "url": "https://registry.npmjs.org/mime",
  },
  Object {
    "headers": Object {
      "accept": "application/json",
      "accept-encoding": "gzip, deflate, br",
      "host": "registry.npmjs.org",
      "user-agent": "https://github.com/renovatebot/renovate",
    },
    "method": "GET",
    "url": "https://registry.npmjs.org/send",
  },
  Object {
    "headers": Object {
      "accept": "application/json",
      "accept-encoding": "gzip, deflate, br",
      "host": "registry.npmjs.org",
      "user-agent": "https://github.com/renovatebot/renovate",
    },
    "method": "GET",
    "url": "https://registry.npmjs.org/type-is",
  },
  Object {
    "headers": Object {
      "accept": "application/json",
      "accept-encoding": "gzip, deflate, br",
      "host": "registry.npmjs.org",
      "user-agent": "https://github.com/renovatebot/renovate",
    },
    "method": "GET",
    "url": "https://registry.npmjs.org/serve-static",
  },
]
`;
