// Jest Snapshot v1, https://goo.gl/fbAQLP

exports[`lib/manager/gitlabci-include/extract extractPackageFile() extracts multiple include blocks 1`] = `
Array [
  Object {
    "currentValue": "1.0.0",
    "datasource": "gitlab",
    "depName": "mikebryant/include-source-example",
    "depType": "repository",
  },
  Object {
    "currentValue": "master",
    "datasource": "gitlab",
    "depName": "mikebryant/include-source-example2",
    "depType": "repository",
  },
  Object {
    "datasource": "gitlab",
    "depName": "mikebryant/include-source-example3",
    "depType": "repository",
    "skipReason": "unknown-version",
  },
]
`;
