// Jest Snapshot v1, https://goo.gl/fbAQLP

exports[`manager/cdn/extract extractPackageFile 1`] = `
Object {
  "deps": Array [
    Object {
      "currentValue": "15.6.1",
      "datasource": "cdn",
      "depName": "prop-types",
      "lookupName": "prop-types/prop-types.min.js",
      "managerData": Object {
        "fileReplacePosition": 148,
      },
    },
    Object {
      "currentValue": "16.3.2",
      "datasource": "cdn",
      "depName": "react",
      "lookupName": "react/umd",
      "managerData": Object {
        "fileReplacePosition": 285,
      },
    },
    Object {
      "currentValue": "16.3.2",
      "datasource": "cdn",
      "depName": "react-dom",
      "lookupName": "react-dom/umd",
      "managerData": Object {
        "fileReplacePosition": 436,
      },
    },
    Object {
      "currentValue": "2.2.1",
      "datasource": "cdn",
      "depName": "react-transition-group",
      "lookupName": "react-transition-group/react-transition-group.min.js",
      "managerData": Object {
        "fileReplacePosition": 926,
      },
    },
    Object {
      "currentValue": "1.14.3",
      "datasource": "cdn",
      "depName": "popper.js",
      "lookupName": "popper.js/umd",
      "managerData": Object {
        "fileReplacePosition": 1078,
      },
    },
    Object {
      "currentValue": "0.10.4",
      "datasource": "cdn",
      "depName": "react-popper",
      "lookupName": "react-popper/umd",
      "managerData": Object {
        "fileReplacePosition": 1222,
      },
    },
    Object {
      "currentValue": "7.1.0",
      "datasource": "cdn",
      "depName": "reactstrap",
      "lookupName": "reactstrap/reactstrap.min.js",
      "managerData": Object {
        "fileReplacePosition": 1333,
      },
    },
    Object {
      "currentValue": "4.3.1",
      "datasource": "cdn",
      "depName": "react-router",
      "lookupName": "react-router/react-router.min.js",
      "managerData": Object {
        "fileReplacePosition": 1440,
      },
    },
    Object {
      "currentValue": "4.0.6",
      "datasource": "cdn",
      "depName": "react-markdown",
      "lookupName": "react-markdown/react-markdown.js",
      "managerData": Object {
        "fileReplacePosition": 1550,
      },
    },
    Object {
      "currentValue": "0.18.0",
      "datasource": "cdn",
      "depName": "axios",
      "lookupName": "axios/axios.min.js",
      "managerData": Object {
        "fileReplacePosition": 1748,
      },
    },
  ],
}
`;
