// Jest Snapshot v1, https://goo.gl/fbAQLP

exports[`manager/npm/extract/yarn .getYarnLock() extracts 1`] = `
Object {
  "ansi-styles@^3.2.1": "3.2.1",
  "chalk@^2.4.1": "2.4.1",
  "color-convert@^1.9.0": "1.9.1",
  "color-name@^1.1.1": "1.1.3",
  "escape-string-regexp@^1.0.5": "1.0.5",
  "has-flag@^3.0.0": "3.0.0",
  "supports-color@^5.3.0": "5.4.0",
}
`;
