// Jest Snapshot v1, https://goo.gl/fbAQLP

exports[`accumulateValues() paginates 1`] = `
Array [
  Object {
    "headers": Object {
      "accept": "application/json",
      "accept-encoding": "gzip, deflate",
      "host": "api.bitbucket.org",
      "user-agent": "https://github.com/renovatebot/renovate",
    },
    "method": "GET",
    "url": "https://api.bitbucket.org/some-url?pagelen=10",
  },
  Object {
    "headers": Object {
      "accept": "application/json",
      "accept-encoding": "gzip, deflate",
      "host": "api.bitbucket.org",
      "user-agent": "https://github.com/renovatebot/renovate",
    },
    "method": "GET",
    "url": "https://api.bitbucket.org/2.0/repositories/?pagelen=10&after=9&role=contributor",
  },
  Object {
    "headers": Object {
      "accept": "application/json",
      "accept-encoding": "gzip, deflate",
      "host": "api.bitbucket.org",
      "user-agent": "https://github.com/renovatebot/renovate",
    },
    "method": "GET",
    "url": "https://api.bitbucket.org/2.0/repositories/?pagelen=10&after=19&role=contributor",
  },
]
`;
