// Jest Snapshot v1, https://goo.gl/fbAQLP

exports[`logger/err-serializer expands errors 1`] = `
Object {
  "a": 1,
  "b": 2,
  "body": "some response body",
  "gotOptions": Object {
    "headers": Object {
      "authorization": "** redacted **",
    },
  },
  "message": "some message",
  "response": Object {
    "body": "some response body",
  },
}
`;

exports[`logger/err-serializer handles missing fields 1`] = `
Object {
  "a": 1,
  "body": "some body",
  "stack": "foo",
}
`;
