// Jest Snapshot v1, https://goo.gl/fbAQLP

exports[`modules/manager/deps-edn/extract extractPackageFile extractPackageFile 1`] = `
[
  {
    "currentValue": "0.1.2",
    "datasource": "clojure",
    "depName": "persistent-sorted-set",
    "packageName": "persistent-sorted-set:persistent-sorted-set",
    "registryUrls": [
      "https://deps.com/foo/bar",
      "https://my.auth.com/repo",
      "s3://my-bucket/maven/releases",
    ],
    "replaceString": "{:mvn/version,"0.1.2"}",
  },
  {
    "currentValue": "0.7.418",
    "datasource": "clojure",
    "depName": "io.github.nextjournal/clerk",
    "packageName": "io.github.nextjournal:clerk",
    "registryUrls": [
      "https://deps.com/foo/bar",
      "https://my.auth.com/repo",
      "s3://my-bucket/maven/releases",
    ],
    "replaceString": "{:mvn/version "0.7.418"}",
  },
  {
    "currentValue": "1.9.0",
    "datasource": "clojure",
    "depName": "org.clojure/clojure",
    "depType": "1.9",
    "packageName": "org.clojure:clojure",
    "registryUrls": [
      "https://deps.com/foo/bar",
      "https://my.auth.com/repo",
      "s3://my-bucket/maven/releases",
    ],
    "replaceString": "{:mvn/version "1.9.0"}",
  },
  {
    "currentValue": "1.10.0",
    "datasource": "clojure",
    "depName": "org.clojure/clojure",
    "depType": "1.10",
    "packageName": "org.clojure:clojure",
    "registryUrls": [
      "https://deps.com/foo/bar",
      "https://my.auth.com/repo",
      "s3://my-bucket/maven/releases",
    ],
    "replaceString": "{:mvn/version "1.10.0"}",
  },
  {
    "currentValue": "1.10.520",
    "datasource": "clojure",
    "depName": "org.clojure/clojurescript",
    "depType": "dev",
    "packageName": "org.clojure:clojurescript",
    "registryUrls": [
      "https://deps.com/foo/bar",
      "https://my.auth.com/repo",
      "s3://my-bucket/maven/releases",
    ],
    "replaceString": "{:mvn/version "1.10.520"}",
  },
  {
    "currentValue": "0.2.11",
    "datasource": "clojure",
    "depName": "org.clojure/tools.namespace",
    "depType": "dev",
    "packageName": "org.clojure:tools.namespace",
    "registryUrls": [
      "https://deps.com/foo/bar",
      "https://my.auth.com/repo",
      "s3://my-bucket/maven/releases",
    ],
    "replaceString": "{:mvn/version "0.2.11"}",
  },
  {
    "currentValue": "1.10.520",
    "datasource": "clojure",
    "depName": "org.clojure/clojurescript",
    "depType": "test",
    "packageName": "org.clojure:clojurescript",
    "registryUrls": [
      "https://deps.com/foo/bar",
      "https://my.auth.com/repo",
      "s3://my-bucket/maven/releases",
    ],
    "replaceString": "{:mvn/version "1.10.520"}",
  },
  {
    "currentValue": "0.0-389",
    "datasource": "github-tags",
    "depName": "lambdaisland/kaocha",
    "depType": "test",
    "packageName": "lambdaisland/kaocha",
    "replaceString": "{:git/url "https://github.com/lambdaisland/kaocha.git"
                                   :git/tag "0.0-389"}",
    "sourceUrl": "https://github.com/lambdaisland/kaocha",
  },
  {
    "currentValue": "0.0-21",
    "datasource": "github-tags",
    "depName": "io.github.lambdaisland/kaocha-cljs",
    "depType": "test",
    "packageName": "lambdaisland/kaocha-cljs",
    "replaceString": "{:git/tag "0.0-21"}",
  },
  {
    "currentValue": "0.0-389",
    "datasource": "gitlab-tags",
    "depName": "lambdaisland/kaocha",
    "depType": "test-gitlab",
    "packageName": "lambdaisland/kaocha",
    "replaceString": "{:git/url "https://gitlab.com/lambdaisland/kaocha.git"
                                   :git/tag "0.0-389"}",
    "sourceUrl": "https://gitlab.com/lambdaisland/kaocha",
  },
  {
    "currentValue": "0.0-21",
    "datasource": "gitlab-tags",
    "depName": "com.gitlab.lambdaisland/kaocha-cljs",
    "depType": "test-gitlab",
    "packageName": "lambdaisland/kaocha-cljs",
    "replaceString": "{:git/tag "0.0-21"}",
  },
  {
    "currentValue": "0.0-389",
    "datasource": "gitlab-tags",
    "depName": "lambdaisland/kaocha",
    "depType": "test-bitbucket",
    "packageName": "lambdaisland/kaocha",
    "replaceString": "{:git/url "https://bitbucket.org/lambdaisland/kaocha.git"
                                   :git/tag "0.0-389"}",
    "sourceUrl": "https://bitbucket.org/lambdaisland/kaocha",
  },
  {
    "currentValue": "0.0-21",
    "datasource": "bitbucket-tags",
    "depName": "org.bitbucket.lambdaisland/kaocha-cljs",
    "depType": "test-bitbucket",
    "packageName": "lambdaisland/kaocha-cljs",
    "replaceString": "{:git/tag "0.0-21"}",
  },
  {
    "currentDigest": "123",
    "currentDigestShort": "123",
    "currentValue": null,
    "datasource": "git-refs",
    "depName": "foo/foo",
    "depType": "test-git",
    "packageName": "git@example.com/foo.git",
    "replaceString": "{:git/url "git@example.com/foo.git" :git/sha "123"}",
  },
  {
    "currentValue": null,
    "datasource": "git-refs",
    "depName": "bar/bar",
    "depType": "test-git",
    "packageName": "https://example.com/bar.git",
    "replaceString": "{:git/url "https://example.com/bar.git"}",
    "sourceUrl": "https://example.com/bar",
  },
  {
    "currentValue": "0.21.1",
    "datasource": "clojure",
    "depName": "cider/cider-nrepl",
    "depType": "repl",
    "packageName": "cider:cider-nrepl",
    "registryUrls": [
      "https://deps.com/foo/bar",
      "https://my.auth.com/repo",
      "s3://my-bucket/maven/releases",
    ],
    "replaceString": "{:mvn/version "0.21.1"}",
  },
  {
    "currentValue": "0.6.0",
    "datasource": "clojure",
    "depName": "nrepl/nrepl",
    "depType": "repl",
    "packageName": "nrepl:nrepl",
    "registryUrls": [
      "https://deps.com/foo/bar",
      "https://my.auth.com/repo",
      "s3://my-bucket/maven/releases",
    ],
    "replaceString": "{:mvn/version "0.6.0"}",
  },
  {
    "currentValue": "0.2.11",
    "datasource": "clojure",
    "depName": "org.clojure/tools.namespace",
    "depType": "repl",
    "packageName": "org.clojure:tools.namespace",
    "registryUrls": [
      "https://deps.com/foo/bar",
      "https://my.auth.com/repo",
      "s3://my-bucket/maven/releases",
    ],
    "replaceString": "{:mvn/version "0.2.11"}",
  },
  {
    "currentValue": "0.9.5703",
    "datasource": "clojure",
    "depName": "com.datomic/datomic-free",
    "depType": "datomic",
    "packageName": "com.datomic:datomic-free",
    "registryUrls": [
      "https://deps.com/foo/bar",
      "https://my.auth.com/repo",
      "s3://my-bucket/maven/releases",
    ],
    "replaceString": "{:mvn/version  "0.9.5703"}",
  },
]
`;
