// Jest Snapshot v1, https://goo.gl/fbAQLP

exports[`util/git/author parseGitAuthor escapes names 1`] = `"name [what]"`;

exports[`util/git/author parseGitAuthor parses bot email 1`] = `
Object {
  "address": "some[bot]@users.noreply.github.com",
  "name": "some[bot]",
}
`;

exports[`util/git/author parseGitAuthor parses bot name and email 1`] = `
Object {
  "address": "some[bot]@users.noreply.github.com",
  "name": "some[bot]",
}
`;
