// Jest Snapshot v1, https://goo.gl/fbAQLP

exports[`manager/pub extractPackageFile should return valid dependencies 1`] = `
Object {
  "datasource": "dart",
  "deps": Array [
    Object {
      "currentValue": "1",
      "depName": "foo",
      "depType": "dependencies",
    },
    Object {
      "currentValue": "1",
      "depName": "bar",
      "depType": "dependencies",
    },
    Object {
      "currentValue": null,
      "depName": "baz",
      "depType": "dependencies",
      "skipReason": "not-a-version",
    },
    Object {
      "currentValue": null,
      "depName": "qux",
      "depType": "dependencies",
      "skipReason": "not-a-version",
    },
    Object {
      "currentValue": "^0.1",
      "depName": "test",
      "depType": "dev_dependencies",
    },
    Object {
      "currentValue": "0.1",
      "depName": "build",
      "depType": "dev_dependencies",
    },
  ],
  "manager": "pub",
  "packageFile": "pubspec.yaml",
}
`;
