// Jest Snapshot v1, https://goo.gl/fbAQLP

exports[`modules/manager/maven-wrapper/artifacts Should not update deps when maven-wrapper.properties is not in git change 1`] = `
Array [
  Object {
    "cmd": "./mvnw wrapper:wrapper",
    "options": Object {
      "cwd": "./",
      "encoding": "utf-8",
      "env": Object {
        "HOME": "/home/user",
        "HTTPS_PROXY": "https://example.com",
        "HTTP_PROXY": "http://example.com",
        "LANG": "en_US.UTF-8",
        "LC_ALL": "en_US",
        "NO_PROXY": "localhost",
        "PATH": "/tmp/path",
      },
      "maxBuffer": 10485760,
      "timeout": 900000,
    },
  },
]
`;

exports[`modules/manager/maven-wrapper/artifacts Should return an error when config is not set 1`] = `Array []`;

exports[`modules/manager/maven-wrapper/artifacts Should return java 7.0 when current maven version is 3.0.0 1`] = `
Array [
  Object {
    "cmd": "./mvnw wrapper:wrapper",
    "options": Object {
      "cwd": "./",
      "encoding": "utf-8",
      "env": Object {
        "HOME": "/home/user",
        "HTTPS_PROXY": "https://example.com",
        "HTTP_PROXY": "http://example.com",
        "LANG": "en_US.UTF-8",
        "LC_ALL": "en_US",
        "NO_PROXY": "localhost",
        "PATH": "/tmp/path",
      },
      "maxBuffer": 10485760,
      "timeout": 900000,
    },
  },
]
`;

exports[`modules/manager/maven-wrapper/artifacts Should return java 8.0 when current maven version is lower then 3.0.0 1`] = `
Array [
  Object {
    "cmd": "./mvnw wrapper:wrapper",
    "options": Object {
      "cwd": "./",
      "encoding": "utf-8",
      "env": Object {
        "HOME": "/home/user",
        "HTTPS_PROXY": "https://example.com",
        "HTTP_PROXY": "http://example.com",
        "LANG": "en_US.UTF-8",
        "LC_ALL": "en_US",
        "NO_PROXY": "localhost",
        "PATH": "/tmp/path",
      },
      "maxBuffer": 10485760,
      "timeout": 900000,
    },
  },
]
`;

exports[`modules/manager/maven-wrapper/artifacts Should return null when cmd is not found 1`] = `Array []`;

exports[`modules/manager/maven-wrapper/artifacts Should throw an error when it cant update 1`] = `Array []`;

exports[`modules/manager/maven-wrapper/artifacts Should update when it is maven wrapper 1`] = `
Array [
  Object {
    "cmd": "./mvnw wrapper:wrapper",
    "options": Object {
      "cwd": "./",
      "encoding": "utf-8",
      "env": Object {
        "HOME": "/home/user",
        "HTTPS_PROXY": "https://example.com",
        "HTTP_PROXY": "http://example.com",
        "LANG": "en_US.UTF-8",
        "LC_ALL": "en_US",
        "NO_PROXY": "localhost",
        "PATH": "/tmp/path",
      },
      "maxBuffer": 10485760,
      "timeout": 900000,
    },
  },
]
`;
